 Admin rebuild                                               ◐ 2  ◇ 1  ○ 1  ✉ 0
────────────────────────────────────────────────────────────────────────────────
 c3a91f0 Show the overview cards above the users table  +214 −12        1–11/19
 Agent · 2026-10-02 14:29 · 12m ago                                            ┃
                                                                               ┃
 The cards count active and invited users (ABC-1256).                          ┃
                                                                               ┃
 They read the table's query.                                                  ┃
                                                                               ┃
 ── apps/admin/src/pages/users/UsersOverviewPage.tsx ──────────────────────────│
 @@ -1,4 +1,5 @@                                                               │
   import { useState } from "react";                                           │
 + import { overview } from "./overview";                                      │
                                                                               │
────────────────────────────────────────────────────────────────────────────────
 Users page                                                     ◐ working  ~60%
 webshop · t-0002-members-admin-users · Building overview            ▰▰▰▰▰▰▱▱▱▱

  Overview   Files 11   Commits 4   Log 7

 ● uncommitted · 2 files                                                → Files
▸1 ▸ c3a91f0 Show the overview cards above the users table        12m  +214 −12
 2 ▸ 8be2d41 Add the users columns                                 2h    +48 −0
 3 ▸ 51f0c9a ⋔ Merge origin/main into the users page               5h
 4 ▸ a07de3b Rename members to users                               1d     +1 −1

────────────────────────────────────────────────────────────────────────────────
 j k move  J K scroll  S split  v off  space files  d diff tool  esc list
