 Admin rebuild                                               ◐ 2  ◇ 1  ○ 1  ✉ 0
────────────────────────────────────────────────────────────────────────────────
 Users page                                                     ◐ working  ~60%
 t-0002 · Members /admin/users · Building overview · pane w1Z:p1     ▰▰▰▰▰▰▱▱▱▱
 Overview   Files 11   Commits 39   Log 7
 ● uncommitted · 2 files                                                → Files
 1 c3a91f0 Show the overview cards above the users table          12m  +214 −12
 2 8be2d41 Add the users columns                                   2h    +48 −0
 3 51f0c9a ⋔ Merge origin/main into the users page                 5h
 4 a07de3b Rename members to users                                 1d     +1 −1
 5 0000000 Step 1 of the table                                     1d     +0 −1
 6 0000001 Step 2 of the table                                     1d     +1 −1
 7 0000002 Step 3 of the table                                     1d     +2 −1
 8 0000003 Step 4 of the table                                     1d     +3 −1
 9 0000004 Step 5 of the table                                     1d     +4 −1
 · 0000005 Step 6 of the table                                     1d     +5 −1
 · 0000006 Step 7 of the table                                     1d     +6 −1
 · 0000007 Step 8 of the table                                     1d     +7 −1
 · 0000008 Step 9 of the table                                     1d     +8 −1
 · 0000009 Step 10 of the table                                    1d     +9 −1
 · 000000a Step 11 of the table                                    1d    +10 −1
 · 000000b Step 12 of the table                                    1d    +11 −1
   +23 more



────────────────────────────────────────────────────────────────────────────────
 1-9 preview commit  v preview  tab focus  [ ] tab  ? help                v9.9.9
