 Admin rebuild                           ◐ 2  ◇ 1  ○ 1  ✉ 0
────────────────────────────────────────────────────────────
    WORK                        STATUS           LINKS  DEV
  In progress
  ◐ Users page                  Building overv…  L4
  ◐ Templates page              Writing tests    L F    ●●●
  ◇ Document select for summa…  #2320 review     L F3   ●○

  On hold until Monday 2026-10-05
 ▸○ Subscriptions list          idle             L N    ~○

  + Backlog (3)





─ Subscriptions list · t-0001 ──────────────────────────────
 Status  idle
 Linear  1 ABC-1472
 Notion  2 Findings
 Open    3 ~:14437 ○
 Dev     ~:14437 port ○   herdr port token



────────────────────────────────────────────────────────────
 1-9 link  l f n g o first  ↵ pane  z drawer  ? help  v9.9.9
