 Admin rebuild                           ◐ 2  ◇ 1  ○ 1  ✉ 0
────────────────────────────────────────────────────────────
    WORK                        STATUS           LINKS  DEV
  In progress
  ◐ Users page                  Building overv…  L4
  ◐ Templates page              Writing tests    L F    ●●●
  ◇ Document select for summa…  #2320 review     L F3   ●○

  On hold until Monday 2026-10-05
 ▸○ Subscriptions list          idle             L N    ~○

  + Backlog (3)


────────────────────────────────────────────────────────────
 Subscriptions list                                  ○ idle
 webshop · t-0001-subscriptions

  Overview   Files   Commits   Log 2               ↓ 3 more

 ── Links ──
 [1 ABC-1472] [2 Notion Findings]
 ── Dev ──
 ~:14437 port ○  herdr port token
 [3 ~:14437 ○]
 ── Thread ──
────────────────────────────────────────────────────────────
 1-9 link  o open  ↵ pane  [ ] tab  z drawer  ? help  v9.9.9
