 Admin rebuild                           ◐ 2  ◇ 1  ○ 1  ✉ 0
────────────────────────────────────────────────────────────
    WORK                        STATUS           LINKS  DEV
  In progress
  ◐ Users page                  Building overv…  L4
  ◐ Templates page              Writing tests    L F    ●●●
 ▸◇ Document select for summa…  #2320 review     L F3   ●○

  On hold until Monday 2026-10-05
  ○ Subscriptions list          idle             L N    ~○

  + Backlog (3)


────────────────────────────────────────────────────────────
 Document select for summary                       ◇ review
 webshop · t-0004-summary                           #2320 ✓

  Overview   Files   Commits   Log 6               ↓ 7 more

 ── PR ──
 [5 #2320] open · review required · 2c
 ✓ no failing checks
 ── Links ──
 [1 ABC-1191] [2 Figma 598-48083] [3 1138-88367]
 [4 635-76529]
────────────────────────────────────────────────────────────
 1-9 link  o open  ↵ pane  [ ] tab  z drawer  ? help  v9.9.9
