 Admin rebuild                              nothing running
────────────────────────────────────────────────────────────
    WORK                        STATUS           LINKS  DEV

  Nothing yet. Rows appear when the coordinator writes
  TASKS.md or starts a thread.











─ Project ──────────────────────────────────────────────────
 Goal    Complete the Linear project 'Admin rebuild' page by
         page.
 Repos   /src/webshop
 Folder  /projects/admin-rebuild




────────────────────────────────────────────────────────────
 ? help  q quit
