 Admin rebuild                           ◐ 2  ◇ 1  ○ 1  ✉ 0
────────────────────────────────────────────────────────────
─ Users page · t-0002 ──────────────────────────────────────
         1257/1250 before starting them.
 Linear  1 ABC-1246 done  2 ABC-1256 in progress
         3 ABC-1257 todo  4 ABC-1250
 Report  threads/t-0002.md · r shows it
 Dev     not started: no .dev/t-0002/state.json
▶Files   11 files +447 -68 vs origin/main
             apps/admin/                           +300 -24
               public/
         1 A     empty-state.png                     binary
               src/                                +300 -24
                 api/                                +31 -9
         2 M       users.ts                          +31 -9
                 pages/users/                      +263 -13
         3 M       UsersOverviewPage.tsx           +214 -12
         4 A       columns.ts                           +48
         5 R       …ages/members/index.ts → index.ts  +1 -1
         6 M     routes.tsx                           +6 -2
             docs/                                      +19
         7 ?   users-page.md                  +19 untracked
             scripts/                                   +25
         8 ?   seed-users.ts                  +25 untracked
         9 M package.json                             +1 -1
         +2 more · d d opens the whole diff
────────────────────────────────────────────────────────────
 Files: 1-9 open  d whole diff  t list  esc cancel    v9.9.9
