 Admin rebuild                                               ◐ 2  ◇ 1  ○ 1  ✉ 0
────────────────────────────────────────────────────────────────────────────────
─ Users page ───────────────────────────────────────────────────────────────────
 Thread   t-0002 Members /admin/users · pane w1Z:p1
 Status   working · ~60% · Building overview
 Note     Phase 1 = layout + overview (ABC-1256); report on 1257/1250 before
          starting them.
 Linear   1 ABC-1246 done   2 ABC-1256 in progress   3 ABC-1257 todo
          4 ABC-1250
 Report   threads/t-0002.md · r shows it
 Branch   hp/admin-rebuild/t-0002-members-admin-users
 Dev      not started: no .dev/t-0002/state.json
 Files    11 files +447 -68 vs origin/main
              apps/admin/                                              +300 -24
                public/
          1 A     empty-state.png                                        binary
                src/                                                   +300 -24
                  api/                                                   +31 -9
          2 M       users.ts                                             +31 -9
                  pages/users/                                         +263 -13
          3 M       UsersOverviewPage.tsx                              +214 -12
          4 A       columns.ts                                              +48
          5 R       apps/admin/src/pages/members/index.ts → index.ts      +1 -1
          6 M     routes.tsx                                              +6 -2
              docs/                                                         +19
          7 ?   users-page.md                                     +19 untracked
────────────────────────────────────────────────────────────────────────────────
 1-9 link  l f n g o first  ↵ pane  e edit  d diff  z drawer  ? help      v9.9.9
