 Admin rebuild                                               ◐ 2  ◇ 1  ○ 1  ✉ 0
────────────────────────────────────────────────────────────────────────────────
    WORK                         THREAD  STATUS              PR      LINKS  DEV
  In progress
 ▸◐ Users page                   t-0002  Building overview           L4
  ◐ Templates page               t-0003  Writing tests               L F    ●●●
  ◇ Document select for summary  t-0004  review required     #2320   L F3   ●○

  On hold until Monday 2026-10-05
  ○ Subscriptions list           t-0001  idle                        L N    ~○

  + Backlog (3)


────────────────────────────────────────────────────────────────────────────────
 Users page                                                     ◐ working  ~60%
 webshop · t-0002-members-admin-users · Building overview            ▰▰▰▰▰▰▱▱▱▱

  Overview   Files   Commits   Log 7

 the worktree is gone





────────────────────────────────────────────────────────────────────────────────
 j k file  ↵ preview  d diff tool  a whole diff  t tree  esc list  ? help
