 Admin rebuild                           ◐ 2  ◇ 1  ○ 1  ✉ 0
────────────────────────────────────────────────────────────
    WORK                        STATUS           LINKS  DEV
  In progress
 ▸◐ Users page                  Building overv…  L4
  ◐ Templates page              Writing tests    L F    ●●●
  ◇ Document select for summa…  #2320 review     L F3   ●○

  On hold until Monday 2026-10-05
  ○ Subscriptions list          idle             L N    ~○

  + Backlog (3)


────────────────────────────────────────────────────────────
 Users page                                 ◐ working  ~60%
 t-0002 · Building overview                      ▰▰▰▰▰▰▱▱▱▱
 Overview   Files 11   Log 7                      ↓ 11 more
 11 files  +447 -68  vs origin/main           tree · t list
       apps/admin/                          +300 -24
         public/
 1 A       empty-state.png                    binary
         src/                               +300 -24
           api/                               +31 -9
 2 M         users.ts                         +31 -9  ▇▁▁▁▁
           pages/users/                     +263 -13
────────────────────────────────────────────────────────────
 1-9 file  d d diff  t list  [ ] tab  ? help          v9.9.9
