 Admin rebuild                           ◐ 2  ◇ 1  ○ 1  ✉ 0
────────────────────────────────────────────────────────────
    WORK                        STATUS           LINKS  DEV
 ▸In progress
  ◐ Users page                  Building overv…  L4
  ◐ Templates page              Writing tests    L F    ●●●
  ◇ Document select for summa…  #2320 review     L F3   ●○

  On hold until Monday 2026-10-05
  ○ Subscriptions list          idle             L N    ~○

  + Backlog (3)


────────────────────────────────────────────────────────────
 In progress
 3 rows · TASKS.md
 Note    No PR until the user gives a go-ahead.
 Goal    Complete the Linear project 'Admin rebuild' page by
         page.
 Repos   /src/webshop
 Folder  /projects/admin-rebuild




────────────────────────────────────────────────────────────
 space fold  j k move  z drawer  ? help               v9.9.9
