 Admin rebuild                                ● 1 needs you  ◐ 1  ◇ 1  ○ 1  ✉ 2
────────────────────────────────────────────────────────────────────────────────
    WORK                         THREAD  STATUS              PR      LINKS  DEV
  Needs you
 ▸● Users page                   t-0002  needs you                   L4

  In progress
  ◐ Templates page               t-0003  Writing tests               L F    ●●●
  ◇ Document select for summary  t-0004  review required     #2320   L F3   ●○

  On hold until Monday 2026-10-05
  ○ Subscriptions list           t-0001  idle                        L N    ~○

  + Backlog (3)
────────────────────────────────────────────────────────────────────────────────
 Users page                                                   ● needs you  ~95%
 webshop · t-0002-members-admin-users                                ▰▰▰▰▰▰▰▰▰▱

  Overview   Files …   Commits   Impact …   Log 7

 reading the change's shape…





────────────────────────────────────────────────────────────────────────────────
 pgdn scroll  z full height  tab focus  [ ] tab  ? help                   v9.9.9
