 Admin rebuild                      ● 1  ◐ 1  ◇ 1  ○ 1  ✉ 2
────────────────────────────────────────────────────────────
    WORK                        STATUS           LINKS  DEV
  Needs you
 ▸● Users page                  needs you        L4

  In progress
  ◐ Templates page              Writing tests    L F    ●●●
  ◇ Document select for summa…  #2320 review     L F3   ●○

  On hold until Monday 2026-10-05
  ○ Subscriptions list          idle             L N    ~○

  + Backlog (3)
────────────────────────────────────────────────────────────
 Users page                               ● needs you  ~95%
 webshop · t-0002-members-admin-users            ▰▰▰▰▰▰▰▰▰▱

  Overview   Files 8   Commits   Impact 9   Log … ↓ 30 more

 9 to look at  ✕ 1 upward  ↻ 1 cycle  ⚠ 1 skip  edges +3…  ┃
 1 ✕ api → admin/users  upward                             │
 2 ↻ src/api → src/admin → src/api  new cycle              │
 3 ⚠ admin/users → db  skips api                           │
 4 + http api.example.com  in api                          │
 5 + dep @tanstack/react-table 8.21.3  dependency          │
────────────────────────────────────────────────────────────
 tab select  O pane  z full  [ ] tab                  v9.9.9
