 Admin rebuild                      ● 1  ◐ 1  ◇ 1  ○ 1  ✉ 2
────────────────────────────────────────────────────────────
 Users page                               ● needs you  ~95%
 webshop · t-0002-members-admin-users            ▰▰▰▰▰▰▰▰▰▱

  Overview   Files 8   Commits   Impact 10   Log… ↓ 24 more

 10 to look at  ✕ 1 upward  ↻ 1 cycle  ⚠ 1 skip  edges +…  ┃
 1 ✕ api → admin/users  upward                             ┃
 2 ↻ src/api → src/admin → src/api  new cycle              ┃
 3 ⚠ admin/users → db  skips api                           ┃
 4 + http api.example.com  in api                          ┃
 5 + dep @tanstack/react-table 8.21.3  dependency          ┃
 6 + admin/users → @tanstack/react-table  third-party      ┃
 7 + env VITE_USERS_PAGE_SIZE  in admin/users              ┃
 8 + admin/users → ui                                      │
 9 ~ api admin/users  −3 ~0 +3                             │
 · ~ api api  −1 ~0 +5                                     │
                                                           │
 ┌─ webshop ────────────────────────────────────────────┐  │
 │                                                      │  │
 │ ┌─ src ──────────────────────────────────────── ⋯1 ┐ │  │
 │ │                                                  │ │  │
 │ │ ┌─ admin ─────────────── ⋯3 ┐ ┌─ ui ─3─────────┐ │ │  │
 │ │ │                           │ │                │ │ │  │
 │ │ │ ┌─ ~ users ─1!──────────┐ │ │                │ │ │  │
────────────────────────────────────────────────────────────
 tab select  O pane  z full  [ ] tab                  v9.9.9
