 Admin rebuild                                ● 1 needs you  ◐ 1  ◇ 1  ○ 1  ✉ 2
────────────────────────────────────────────────────────────────────────────────
 Users page                                                   ● needs you  ~95%
 webshop · t-0002-members-admin-users                                ▰▰▰▰▰▰▰▰▰▱

  Overview   Files 8   Commits   Impact 10   Log 7                    ↓ 10 more

 10 to look at  ✕ 1 upward  ↻ 1 cycle  ⚠ 1 skip  edges +4 −0 … vs origin/main  ┃
 1 ✕ api → admin/users  upward                                     users.ts:2  ┃
 2 ↻ src/api → src/admin → src/api  new cycle                      users.ts:2  ┃
 3 ⚠ admin/users → db  skips api                              UsersPage.tsx:5  ┃
 4 + http api.example.com  in api                                 users.ts:24  ┃
 5 + dep @tanstack/react-table 8.21.3  dependency                              ┃
 6 + admin/users → @tanstack/react-table  third-party        UsersTable.tsx:1  ┃
 7 + env VITE_USERS_PAGE_SIZE  in admin/users                UsersPage.tsx:11  ┃
 8 + admin/users → ui                                        UsersTable.tsx:2  ┃
 9 ~ api admin/users  −3 ~0 +3                                                 ┃
 · ~ api api  −1 ~0 +5                                                         ┃
                                                                               ┃
 ┌─ webshop ────────────────────────────────────────────────────────────────┐  ┃
 │                                                                          │  ┃
 │ ┌─ src ──────────────────────────────────────────────────────────── ⋯1 ┐ │  ┃
 │ │                        ┌──────────────┐                              │ │  ┃
 │ │ ┌─ admin ───────── ⋯3 ┐│┌─ ui ─────┐ ┏▾ ~ api ━━━━━━━┓ ┌─ db ──────┐ │ │  ┃
 │ │ │                     │││          │ ┃ +22 −2        ┃─▸           │ │ │  ┃
 │ │ │ ┌─ ~ users ───────┐ │││          │ ┃ api +5 −1 ~0  ┃ │           │ │ │  ┃
 │ │ │ │ +38 −20         │─│┘│          │ ┃ ⇄             ┃ │           │ │ │  ┃
 │ │ │ │ api +3 −3 ~0    │ │ │          │ ┃               ┃ │           │ │ │  ┃
 │ │ │ │ $ ◆1            │ │ │          │ ┃               ┃ │           │ │ │  ┃
 │ │ │ └────────────────▴┘ │ │          │ ┃               ┃ │           │ │ │  ┃
 │ │ │                  │  │ │          │ ┃               ┃ │           │ │ │  ┃
 │ │ └─────────────────────┘ └──────────┘ ┗━━━━━━━━━━━━━━━┛ └───────────┘ │ │  ┃
 │ │                    └──────────────────┘                              │ │  ┃
 │ └──────────────────────────────────────────────────────────────────────┘ │  ┃
 │                                                                          │  ┃
 └──────────────────────────────────────────────────────────────────────────┘  ┃
 ~ api · src/api · api                                                         │
 +22 −2 in 1 file                                                              │
 ── imports 2 · imported by 2 ──                                               │
 ─▸ admin/users  ✕ upward                                          users.ts:2  │
 ─▸ db  unchanged                                                 client.ts:1  │
 ◂─ admin/users  changed                                      UsersPage.tsx:3  │
 ◂─ admin/members (folded)  unchanged                       MembersPage.tsx:1  │
 ── api ──                                                                     │
────────────────────────────────────────────────────────────────────────────────
 j k h l move  ↵ open  O own pane  z full height  esc list  ? help        v9.9.9
