 Admin rebuild                                ● 1 needs you  ◐ 1  ◇ 1  ○ 1  ✉ 1
────────────────────────────────────────────────────────────────────────────────
    WORK                         THREAD  STATUS              PR      LINKS  DEV
  Needs you
  ● Users page                   t-0002  needs you                   L4
 ▸✉ inbox: t-0002 is now Waiting on you                                   3m
  In progress
  ◐ Templates page               t-0003  Writing tests               L F    ●●●
  ◇ Document select for summary  t-0004  review required     #2320   L F3   ●○
  On hold until Monday 2026-10-05
  ○ Subscriptions list           t-0001  idle                        L N    ~○
  + Backlog (3)





─ Inbox item · 14:38 ───────────────────────────────────────────────────────────
 Kind     thread-state
 Subject  t-0002 Members /admin/users
 Summary  t-0002 is now Waiting on you
 File     inbox/20261002T143012Z-thread-state-t-0002-7.md




────────────────────────────────────────────────────────────────────────────────
 ↵ go to t-0002  1-9 link  z drawer  ? help                               v9.9.9
