 Admin rebuild                      ● 1  ◐ 1  ◇ 1  ○ 1  ✉ 2
────────────────────────────────────────────────────────────
 Users page                               ● needs you  ~95%
 t-0002                                          ▰▰▰▰▰▰▰▰▰▱
 Overview   Files   Commits   Log 7
 ── Today · Fri 2 Oct ──
   3m  ● waiting on you · pane w1Z:p1                     ✉
   5m  ≡ new report · r shows it
   1h  ≡ new report
       │
   5h  ● blocked on a prompt · pane w1Z:p1
 ── Yesterday · Thu 1 Oct ──
  21h  ≡ new report
       │
  22h  ▶ launched in pane w1Z:p1 · brief read
  22h  + created from origin/main

 from threads/t-0002.toml and 5 inbox items, 1 unhandled








────────────────────────────────────────────────────────────
 r report  ↵ go to pane  [ ] tab  z drawer  ? help    v9.9.9
