 Admin rebuild                      ● 1  ◐ 1  ◇ 1  ○ 1  ✉ 2
────────────────────────────────────────────────────────────
    WORK                        STATUS           LINKS  DEV
  Needs you
 ▸● Users page                  needs you        L4

  In progress
  ◐ Templates page              Writing tests    L F    ●●●
  ◇ Document select for summa…  #2320 review     L F3   ●○

  On hold until Monday 2026-10-05
  ○ Subscriptions list          idle             L N    ~○

  + Backlog (3)
────────────────────────────────────────────────────────────
 Users page                               ● needs you  ~95%
 webshop · t-0002-members-admin-users            ▰▰▰▰▰▰▰▰▰▱

  Overview   Files   Commits   Log 7               ↓ 1 more

   3m  ● waiting on you · pane w1Z:p1                     ✉
   5m  ≡ new report · r shows it
   1h  ≡ new report
   5h  ● blocked on a prompt · pane w1Z:p1
  21h  ≡ new report
  22h  ▶ launched in pane w1Z:p1 · brief read
────────────────────────────────────────────────────────────
 r report  ↵ go to pane  [ ] tab  z drawer  ? help    v9.9.9
