 Admin rebuild                                ● 1 needs you  ◐ 1  ◇ 1  ○ 1  ✉ 2
────────────────────────────────────────────────────────────────────────────────
    WORK                         THREAD  STATUS              PR      LINKS  DEV
  Needs you
 ▸● Users page                   t-0002  needs you                   L4

  In progress
  ◐ Templates page               t-0003  Writing tests               L F    ●●●
  ◇ Document select for summary  t-0004  review required     #2320   L F3   ●○

  On hold until Monday 2026-10-05
  ○ Subscriptions list           t-0001  idle                        L N    ~○

  + Backlog (3)
────────────────────────────────────────────────────────────────────────────────
 Users page                                                   ● needs you  ~95%
 webshop · t-0002-members-admin-users                                ▰▰▰▰▰▰▰▰▰▱

  Overview   Files   Commits   Log 7                     ↓ Links · Dev · Thread

 ✉ 1 update · see Log
 ── Next ──
 → Approve phase 1 (ABC-1256 overview)
 → Say whether to start ABC-1257 and ABC-1250
 ── Note ──
 Phase 1 = layout + overview (ABC-1256); report on 1257/1250 before starting
────────────────────────────────────────────────────────────────────────────────
 ↵ go to pane  1-9 link  [ ] tab  r report  z drawer  ? help              v9.9.9
