 Admin rebuild                                               ◐ 2  ◇ 1  ○ 1  ✉ 0
────────────────────────────────────────────────────────────────────────────────
 Projects › type to filter
 ▸ Billing export                                         ● 1  ◇ 2  ✉ 1 update
      ● CSV export job · t-0003                                             2m
   Admin rebuild  here                                           ◐ 2  ◇ 1  ○ 1
   Docs site                                                   ○ 1  ✉ 1 update
   Search spike  paused                                             no threads
   + 1 archived project · tab shows

















────────────────────────────────────────────────────────────────────────────────
 ↵ go to coordinator  ↑↓ move  tab archived  esc close                    v9.9.9
