 Admin rebuild                           ◐ 2  ◇ 1  ○ 1  ✉ 0
────────────────────────────────────────────────────────────
 Document select for summary                       ◇ review
 t-0004                                           #2320 ✕ 1
 Overview   Files   Commits   Log 6                ↓ 1 more
 ── PR ──
 [5 #2320] draft · review required · 2c
 ✕ 1 failing: [lint]  ◌ 1 running: test (macos-latest) 6m
 ◌ 1 queued  ✓ 2 passed
 ◇ draft: mark it ready for review before it can merge
 checked just now
 ── Review ──  2 unresolved · 1 outdated
 src/pages/users/index.ts:41  sam
   Should this be paginated? The list can get long.
 src/pages/users/table.tsx:12  alex · +2 replies
   Rename to  UserRow .
 src/api/users.ts:7  sam · outdated
   Drop the  any  here.
 ── Links ──
 [1 ABC-1191] [2 Figma 598-48083] [3 1138-88367]
 [4 635-76529]
 ── Dev ──
 :5174 frontend ●  :8002 api ○
 [6 Frontend ●] [7 API docs ○]
 ── Thread ──
 pane    w21:p1
────────────────────────────────────────────────────────────
 1-9 link  o open  ↵ pane  [ ] tab  z drawer  ? help  v9.9.9
