 Admin rebuild                           ◐ 2  ◇ 1  ○ 1  ✉ 0
────────────────────────────────────────────────────────────
    WORK                        STATUS           LINKS  DEV
  In progress
  ◐ Users page                  Building overv…  L4
  ◐ Templates page              Writing tests    L F    ●●●
 ▸◇ Document select for summa…  #2320 review     L F3   ●○

  On hold until Monday 2026-10-05
  ○ Subscriptions list          idle             L N    ~○

  + Backlog (3)


────────────────────────────────────────────────────────────
 Document select for summary                       ◇ review
 webshop · t-0004-summary                         #2320 ✕ 1

  Overview   Files   Commits   PR   Log 6         ↓ 13 more

 ── PR ──
 [5 #2320] open · review required · 2c
 ✕ 1 failing: [lint]  ◌ 1 running: test (macos-latest) 6m
 ✓ 2 passed
 ✕ blocked: checks failing, checks running, review required
 (sam)
────────────────────────────────────────────────────────────
 1-9 link  o open  ↵ pane  [ ] tab  z drawer  ? help  v9.9.9
