 Admin rebuild                                               ◐ 2  ◇ 1  ○ 1  ✉ 0
────────────────────────────────────────────────────────────────────────────────
    WORK                         THREAD  STATUS              PR      LINKS  DEV
  In progress
  ◐ Users page                   t-0002  Building overview           L4
  ◐ Templates page               t-0003  Writing tests               L F    ●●●
 ▸◇ Document select for summary  t-0004  review required     #2320✕  L F3   ●○

  On hold until Monday 2026-10-05
  ○ Subscriptions list           t-0001  idle                        L N    ~○

  + Backlog (3)


────────────────────────────────────────────────────────────────────────────────
 Document select for summary                                           ◇ review
 webshop · t-0004-summary                                     #2320 ✕ 1 failing

  Overview   Files   Commits   PR   Log 6                        ↓ Dev · Thread

 ── PR ──
 [5 #2320] open · review required · 2 comments (sam, alex)
 ✕ 1 failing: [lint]  ◌ 1 running: test (macos-latest) 6m  ✓ 2 passed
 ✕ blocked: checks failing, checks running, review required (sam)
 → PR tab: 3 unresolved review threads, description and comments
 ── Links ──
────────────────────────────────────────────────────────────────────────────────
 1-9 link  l f n g o first  ↵ pane  [ ] tab  z drawer  ? help             v9.9.9
