 Admin rebuild                           ◐ 2  ◇ 1  ○ 1  ✉ 0
────────────────────────────────────────────────────────────
 Document select for summary                       ◇ review
 webshop · t-0004-summary                         #2320 ✕ 1

  Overview   Files   Commits   PR   Log 6         ↓ 11 more

                                                           │
 Adds the document picker to the summary page (ABC-1191).  │
                                                           │
 [✓] picker with search                                    │
 [ ] empty state                                           │
                                                           │
 Design: Figma 598-48083.                                  │
                                                           ┃
 ── Comments ──  8 · 3 unresolved                          ┃
▸ ▾ deploy-preview · bot · 2d ago                          ┃
   Preview deployed to https://preview.example.com/2320    ┃
                                                           ┃
 alex · 5h ago                                             ┃
   Can we keep the old picker behind a flag for a week?    ┃
                                                           ┃
  ▸ src/pages/summary/picker.tsx:18 · kim · +1 reply · re… │
                                                           │
 src/api/users.ts:7 · sam · outdated · 3h ago              │
   Drop the  any  here.                                    │
────────────────────────────────────────────────────────────
 j k move  ↵ GitHub  space unfold  esc list           v9.9.9
