 Admin rebuild                           ◐ 2  ◇ 1  ○ 1  ✉ 0
────────────────────────────────────────────────────────────
 Document select for summary                       ◇ review
 webshop · t-0004-summary                         #2320 ✕ 1

  Overview   Files   Commits   PR   Log 6

 [5 #2320] Document select for summary
 author  robin · opened 2d ago · updated 20m ago
 branch  t-0004-summary → main
 changes +214 −12 · 11 files

 ── Status ──
 open · review required
 ✕ blocked: checks failing, checks running, review required
 ✕ 1 failing: [lint]  ◌ 1 running: test (macos-latest) 6m
 ✓ 2 passed
 checked just now

 ── Description ──
 No description.

 ── Comments ──
 No comments yet.


────────────────────────────────────────────────────────────
 g GitHub  c log  tab focus  [ ] tab  z drawer        v9.9.9
