 Admin rebuild                                               ◐ 2  ◇ 1  ○ 1  ✉ 0
────────────────────────────────────────────────────────────────────────────────
 apps/admin/public/empty-state.png  binary
  binary file: no lines to show










────────────────────────────────────────────────────────────────────────────────
 Users page                                                     ◐ working  ~60%
 t-0002 · Members /admin/users · Building overview · pane w1Z:p1     ▰▰▰▰▰▰▱▱▱▱
 Overview   Files 11   Log 7                                           ↓ 4 more
 11 files  +447 -68  vs origin/main                               list · t tree
 1 M  apps/admin/src/pages/users/UsersOverviewPage.tsx       +214 -12  ▇▇▇▇▇▇▇▇
 2 A  apps/admin/src/pages/users/columns.ts                       +48  ▇▇▁▁▁▁▁▁
 3 M  apps/admin/src/api/users.ts                              +31 -9  ▇▇▁▁▁▁▁▁
 4 R  apps/admin/src/pages/{members → users}/index.ts           +1 -1  ▇▁▁▁▁▁▁▁
▸5 A  apps/admin/public/empty-state.png                        binary
 6 M  apps/admin/src/routes.tsx                                 +6 -2  ▇▁▁▁▁▁▁▁
 7 ?  docs/users-page.md                                          +19  ▇▁▁▁▁▁▁▁
────────────────────────────────────────────────────────────────────────────────
 j k file  J K scroll  v preview off  ↵ open  d whole diff  esc list      v9.9.9
