 Admin rebuild                                ● 1 needs you  ◐ 1  ◇ 1  ○ 1  ✉ 2
────────────────────────────────────────────────────────────────────────────────
 Users page                                                   ● needs you  ~95%
 t-0002 · Members /admin/users · pane w1Z:p1                         ▰▰▰▰▰▰▰▰▰▱
 Report · threads/t-0002.md · esc returns
 ## Report

 Phase 1 is done: layout and overview.

 ## Next

 • Approve phase 1 (ABC-1256 overview)














────────────────────────────────────────────────────────────────────────────────
 esc back  pgup pgdn scroll  ? help  q quit                               v9.9.9
