 Admin rebuild                                ● 1 needs you  ◐ 1  ◇ 1  ○ 1  ✉ 1
────────────────────────────────────────────────────────────────────────────────
─ Report · t-0002 ──────────────────────────────────────────────────────────────
 ## Report

 Phase 1 is done: layout and overview.

 ## Next

 - Approve phase 1 (ABC-1256 overview)
















────────────────────────────────────────────────────────────────────────────────
 esc back  pgup pgdn scroll  z drawer  ? help  q quit                     v9.9.9
