 Admin rebuild                           ◐ 2  ◇ 1  ○ 1  ✉ 0
────────────────────────────────────────────────────────────
 Document select for summary                       ◇ review
 t-0004                                             #2320 ✓

  Overview   Files   Commits   Log 6


 ── PR ──
 [5 #2320] open · review required · 2c
 ✓ no failing checks
 checked 1m ago

 ── Links ──
 [1 ABC-1191] [2 Figma 598-48083] [3 1138-88367]
 [4 635-76529]

 ── Dev ──
 :5174 frontend ●  :8002 api ○
 [6 Frontend ●] [7 API docs ○]

 ── Thread ──
 pane    w21:p1
 branch  hp/admin-rebuild/t-0004-summary


────────────────────────────────────────────────────────────
 1-9 link  o open  ↵ pane  [ ] tab  z drawer  ? help  v9.9.9
