 Admin rebuild                           ◐ 2  ◇ 1  ○ 1  ✉ 0
────────────────────────────────────────────────────────────
─ Settings · /home/ada/.config/herdr-deck/config.toml ──────
 [ui] the list and how often it reloads
   ui.refresh_interval     5s                        default
   ui.folded_lists         Backlog, Resolved         default

 [projects] herdr-projects
   projects.root           /home/ada/.herdr-projec…  default

 [linear] Linear links and status
 ▸ linear.workspace        acme                      file
     Linear workspace that bare IDs such as ABC-123 link
     into; not needed with a Linear API key
     the file calls it linear_workspace, its earlier name;
     saving moves it into [linear]
   linear.status           true                      default
   linear.api_key_command  none                      default

 [figma] Figma links
   figma.desktop           false                     default

 [browser] web links
   browser.reuse_tabs      true                      default

 [updates] new versions of the deck
────────────────────────────────────────────────────────────
 ↵ edit  x remove  j k move  esc back  q quit         v9.9.9
