 Admin rebuild                                               ◐ 2  ◇ 1  ○ 1  ✉ 0
────────────────────────────────────────────────────────────────────────────────
─ Settings · /home/ada/.config/herdr-deck/config.toml ──────────────────────────
 Links and Linear
 ▸ linear_workspace        acme                                          file
     Linear workspace that bare IDs such as ABC-123 link into
   linear_status           true                                          default
   linear_api_key_command  none                                          default

 Editor and diff
   editor.command          zed {path}                                    file
   editor.terminal         false                                         default
   diff.command            hunk diff {base} -- {file}                    default
   diff.terminal           true                                          default
   diff_view               list                                          default

 Updates
   update_check            true                                          default
   auto_restart            true                                          default

 Browser
   reuse_browser_tabs      true                                          default
   figma_desktop           false                                         default

 List
   ui.folded_lists         Backlog, Resolved                             default
────────────────────────────────────────────────────────────────────────────────
 ↵ edit  x remove  j k move  esc back  q quit                             v9.9.9
