 Admin rebuild                           ◐ 2  ◇ 1  ○ 1  ✉ 0
────────────────────────────────────────────────────────────
─ Settings · /home/ada/.config/herdr-deck/config.toml ──────
 [projects] herdr-projects
   projects.root           /home/ada/.herdr-projec…  default

 [linear] Linear links and status
   linear.workspace        acme                      file
   linear.status           true                      default
   linear.api_key_command  none                      default

 [figma] Figma links
   figma.desktop           false                     default

 [browser] web links
   browser.reuse_tabs      true                      default

 [updates] new versions of the deck
   updates.check           true                      default
   updates.auto_restart    true                      default

 [editor] what e opens
 ▸ editor.command          zed {x}                   file
     what e opens a worktree with; {path} is the folder
     ✕ unknown placeholder {x}; use {path}
     ↵ saves · esc cancels · empty removes it from the file
────────────────────────────────────────────────────────────
 ↵ save  esc cancel  empty removes it                 v9.9.9
