 Admin rebuild                                               ◐ 2  ◇ 1  ○ 1  ✉ 0
────────────────────────────────────────────────────────────────────────────────
─ Settings · /home/ada/.config/herdr-deck/config.toml ──────────────────────────
   linear.status           true                                          default
   linear.api_key_command  none                                          default

 [figma] Figma links
   figma.desktop           false                                         default

 [browser] web links
   browser.reuse_tabs      true                                          default

 [updates] new versions of the deck
   updates.check           true                                          default
   updates.auto_restart    true                                          default

 [editor] what e opens
   editor.command          zed {path}                                    file
   editor.terminal         false                                         default

 [diff] what d opens, and the Files tab
   diff.command            hunk diff {base} -- {file}                    default
   diff.terminal           true                                          default
 ▸ diff.view               list                                          default
     the Files section's view at start: list, or tree (files under their
     folders); d t switches
────────────────────────────────────────────────────────────────────────────────
 ↵ edit  x remove  j k move  esc back  q quit                             v9.9.9
