 Admin rebuild                                               ◐ 2  ◇ 1  ○ 1  ✉ 0
────────────────────────────────────────────────────────────────────────────────
 …/pages/users/UsersOverviewPage.tsx  +214 −12  split needs ≥ 100 cols  1–11/19
 @@ -1,9 +1,14 @@ import { Page } from "@acme/ui";
   import { useState } from "react";
 − import { MembersList } from "../members/MembersList";
 + import { UsersTable } from "./UsersTable";
 + import { overview } from "./overview";

 − // Members: everyone in the workspace.
 − export function MembersPage() {
 + // Users page: the table, its filters and the overview cards, which take a v…
 + export function UsersOverviewPage() {
     const [query, setQuery] = useState("");
────────────────────────────────────────────────────────────────────────────────
 Users page                                                     ◐ working  ~60%
 webshop · t-0002-members-admin-users                                ▰▰▰▰▰▰▱▱▱▱

  Overview   Files 11   Commits   Log 7                                ↓ 6 more

 11 files  +447 -68  vs origin/main                               list · t tree
▸1 M  apps/admin/src/pages/users/UsersOverviewPage.tsx       +214 -12  ▇▇▇▇▇▇▇▇
 2 A  apps/admin/src/pages/users/columns.ts                       +48  ▇▇▁▁▁▁▁▁
 3 M  apps/admin/src/api/users.ts                              +31 -9  ▇▇▁▁▁▁▁▁
 4 R  apps/admin/src/pages/{members → users}/index.ts           +1 -1  ▇▁▁▁▁▁▁▁
 5 A  apps/admin/public/empty-state.png                        binary
────────────────────────────────────────────────────────────────────────────────
 j k file  J K scroll  S unified  v off  d diff tool  a all  esc list     v9.9.9
