 Admin rebuild                                                                                       ◐ 2  ◇ 1  ○ 1  ✉ 0
────────────────────────────────────────────────────────────────────────────────────────────────────────────────────────
 c3a91f0 apps/admin/src/pages/users/UsersOverviewPage.tsx  +166 −12
 @@ -0,0 +1 @@
 1 + export const UsersOverviewPage.tsx = 1;









────────────────────────────────────────────────────────────────────────────────────────────────────────────────────────
 Users page                                                                                             ◐ working  ~60%
 t-0002 · Members /admin/users · Building overview · pane w1Z:p1                                             ▰▰▰▰▰▰▱▱▱▱

  Overview   Files 11   Commits 4   Log 7                                                                      ↓ 3 more

 ● uncommitted · 2 files                                                                                        → Files
 1 ▾ c3a91f0 Show the overview cards above the users table                                                12m  +214 −12
▸      M  apps/admin/src/pages/users/UsersOverviewPage.tsx                                                     +166 −12
       A  apps/admin/src/pages/users/overview.ts                                                                    +48
       R  apps/admin/src/pages/{members → users}/index.ts
       D  apps/admin/src/old.ts                                                                                      −9
────────────────────────────────────────────────────────────────────────────────────────────────────────────────────────
 j k move  J K scroll  S unified  v off  space files  d diff tool  esc list                                       v9.9.9
