 Admin rebuild                                               ◐ 2  ◇ 1  ○ 1  ✉ 1
────────────────────────────────────────────────────────────────────────────────
    WORK                         THREAD  STATUS              PR      LINKS  DEV
  In progress
  ◐ Users page                   t-0002  Building overview           L4
  ◐ Templates page               t-0003  Writing tests               L F    ●●●
 ▸◇ Document select for summary  t-0004  review required     #2320✕  L F3   ●○

  On hold until Monday 2026-10-05
  ○ Subscriptions list           t-0001  idle                        L N    ~○

  + Backlog (3)


────────────────────────────────────────────────────────────────────────────────
 Document select for summary                                           ◇ review
 t-0004 · Summary select documents · pane w21:p1              #2320 ✕ 2 failing

  Overview   Files   Commits   Log 7                                   ↓ 1 more

   2m  ✕ checks failing: lint, test (ubuntu-latest)                     14:39 ✉
  25m  ◇ [5 #2320] updated · open · 2 comments                          14:16
   3h  ◇ [5 #2320] opened                                               11:03
   4h  ● waiting on you · pane w21:p1                                   10:12
   5h  » prompted by routine pr-followup · checks-failed                09:30
   5h  ▶ launched in pane w21:p1                                        08:55
────────────────────────────────────────────────────────────────────────────────
 1-9 link  g PR  r report  [ ] tab  z drawer  ? help                      v9.9.9
